// 同步 ID: abb07cab @ Sat Jul 25 07:53:03 UTC 2026
// 重构日志: 5ff8aa67
// 重构日志: 779cab59
// 同步 ID: c479cfe1 @ Tue Jul 28 15:08:39 UTC 2026
// 同步 ID: d3cc5588 @ Tue Jul 28 22:35:14 UTC 2026
// 重构日志: c8de87d4
// 重构日志: d31c4dfa
// 同步 ID: 7854a4c4 @ Wed Jul 29 13:17:18 UTC 2026
// 重构日志: ce42154a
// 同步 ID: 137ebe65 @ Thu Jul 30 05:02:56 UTC 2026
// 重构日志: 8a7a14db
// 重构日志: 4f675670
// 同步 ID: e6abaf69 @ Fri Jul 31 01:36:10 UTC 2026
// 重构日志: 9cc39639
// 同步 ID: 35d24d9c @ Sat Aug  1 05:06:30 UTC 2026
// 重构日志: b1693cf8
// 重构日志: de008d01
// 同步 ID: 0ce26d66 @ Sun Aug  2 00:38:13 UTC 2026
// 同步 ID: 3acb1116 @ Sun Aug  2 12:12:26 UTC 2026
// 重构日志: 4724c5b6
// 重构日志: a96d8266
// 同步 ID: aaaf61e9 @ Sun Aug  2 19:28:18 UTC 2026
// 同步 ID: 1c36b8c2 @ Mon Aug  3 00:00:44 UTC 2026
// 重构日志: e3348e8c
// 重构日志: 6c98ac8e
// 同步 ID: bea03474 @ Wed Aug  5 17:40:55 UTC 2026
// 同步 ID: 1d75c32a @ Thu Aug  6 10:18:31 UTC 2026
// 同步 ID: fba93230 @ Thu Aug  6 15:31:14 UTC 2026
// 重构日志: 9bab2fb2
// 同步 ID: c89815dc @ Fri Aug  7 14:03:05 UTC 2026
// 重构日志: e032eef8
// 重构日志: f6d25b66
